// Jest Snapshot v1, https://goo.gl/fbAQLP

exports[`Footer snapshot should match snapshot 1`] = `
<footer
  className="footer"
>
  <img
    alt="logo"
    className="footer__logo"
    src="http://via.placeholder.com/100x25"
  />
</footer>
`;
